##############################################################################################################
#
# Rosetta crash log. Please submit the contents of this file to http://crash.rosettacommons.org/
# or use the script Rosetta/main/source/scripts/python/public/report_crashes.py
#

[START_CRASH_REPORT]
[ROSETTA_VERSION]: 0.0.dev0
[COMMIT_DATE]: 2025-11-03T16:46:44
[APPLICATION]: /Users/britniecarpentier/Desktop/RosettaBootcamp/rosetta/source/bin/relax.default.macosclangrelease
[MODE]: Release
[EXTRAS]: default
[OS]: Apple Mac OS X
[COMPILER]: Clang version "17.0.0 (clang-1700.0.13.5)"
[STDLIB]: libc++ version 190102
[START_OPTIONS]
 -in:path:database=Desktop/RosettaBootcamp/rosetta/database/ -in:file:s=../inputs/5j0k_A.pdb -in:file:native=../inputs/5j0k_A.pdb -out:nstruct=3 -out:prefix=r_ -out:file:scorefile=score.sc -out:file:silent=relaxing_lab7.out -relax:fast -relax:constrain_relax_to_start_coords

[END_OPTIONS]

[START_BACKTRACE]: RAW_LIBC
0   libutility.dylib                    0x000000010915d770 backtrace_string(int) + 76
1   libutility.dylib                    0x000000010917c1f8 utility::excn::Exception::Exception(char const*, int, std::__1::basic_string<char, std::__1::char_traits<char>, std::__1::allocator<char>> const&) + 220
2   libutility.dylib                    0x0000000109161008 utility::UtilityExitException::UtilityExitException(char const*, int, std::__1::basic_string<char, std::__1::char_traits<char>, std::__1::allocator<char>> const&) + 112
3   libutility.dylib                    0x0000000109160eac utility::exit(char const*, int, std::__1::basic_string<char, std::__1::char_traits<char>, std::__1::allocator<char>> const&, int) + 60
4   libcore.3.dylib                     0x000000010a736dc4 core::scoring::find_weights_file(std::__1::basic_string<char, std::__1::char_traits<char>, std::__1::allocator<char>> const&, std::__1::basic_string<char, std::__1::char_traits<char>, std::__1::allocator<char>> const&) + 1860
5   libcore.3.dylib                     0x000000010a735664 core::scoring::ScoreFunction::add_weights_from_file(std::__1::basic_string<char, std::__1::char_traits<char>, std::__1::allocator<char>> const&) + 64
6   libcore.3.dylib                     0x000000010a74e038 core::scoring::ScoreFunctionFactory::load_score_function_from_disk(utility::options::OptionCollection const&, std::__1::basic_string<char, std::__1::char_traits<char>, std::__1::allocator<char>> const&, utility::vector1<std::__1::basic_string<char, std::__1::char_traits<char>, std::__1::allocator<char>>, std::__1::allocator<std::__1::basic_string<char, std::__1::char_traits<char>, std::__1::allocator<char>>>> const&) + 1020
7   libcore.3.dylib                     0x000000010a74e5b8 std::__1::shared_ptr<core::scoring::ScoreFunction> utility::thread::safely_check_map_for_key_and_insert_if_absent<core::scoring::ScoreFunction, core::scoring::ScoreFunctionKey>(std::__1::function<std::__1::shared_ptr<core::scoring::ScoreFunction> ()>, bool, core::scoring::ScoreFunctionKey const&, std::__1::map<core::scoring::ScoreFunctionKey, std::__1::shared_ptr<core::scoring::ScoreFunction>, std::__1::less<core::scoring::ScoreFunctionKey>, std::__1::allocator<std::__1::pair<core::scoring::ScoreFunctionKey const, std::__1::shared_ptr<core::scoring::ScoreFunction>>>>&) + 152
8   libcore.3.dylib                     0x000000010a74c8e8 core::scoring::ScoreFunctionFactory::create_score_function_nonstatic(utility::options::OptionCollection const&, std::__1::basic_string<char, std::__1::char_traits<char>, std::__1::allocator<char>> const&, utility::vector1<std::__1::basic_string<char, std::__1::char_traits<char>, std::__1::allocator<char>>, std::__1::allocator<std::__1::basic_string<char, std::__1::char_traits<char>, std::__1::allocator<char>>>> const&) + 528
9   libcore.3.dylib                     0x000000010a7501b8 core::scoring::get_score_function(utility::options::OptionCollection const&, bool) + 2216
10  libprotocols.4.dylib                0x00000001059787e4 protocols::relax::generate_relax_from_cmd(utility::options::OptionCollection const&, bool) + 52
11  libprotocols.4.dylib                0x0000000105966f40 protocols::relax::Relax_main(bool) + 44
12  relax.default.macosclangrelease     0x000000010071897c main + 612
13  dyld                                0x000000018a1f6b98 start + 6076

[END_BACKTRACE]

[FILE]: src/core/scoring/ScoreFunction.cc
[LINE]: 3516
[START_MESSAGE]
[ ERROR ] UtilityExitException
ERROR: Unable to open weights/patch file. None of (./)ref2015 or (./)ref2015.wts or Desktop/RosettaBootcamp/rosetta/database/scoring/weights/ref2015 or Desktop/RosettaBootcamp/rosetta/database/scoring/weights/ref2015.wts exist



[END_MESSAGE]
[END_CRASH_REPORT]

##############################################################################################################
#
# Rosetta crash log. Please submit the contents of this file to http://crash.rosettacommons.org/
# or use the script Rosetta/main/source/scripts/python/public/report_crashes.py
#

[START_CRASH_REPORT]
[ROSETTA_VERSION]: 0.0.dev0
[COMMIT_DATE]: 2025-11-03T16:46:44
[APPLICATION]: /Users/britniecarpentier/Desktop/RosettaBootcamp/rosetta/source/bin/relax.default.macosclangrelease
[MODE]: Release
[EXTRAS]: default
[OS]: Apple Mac OS X
[COMPILER]: Clang version "17.0.0 (clang-1700.0.13.5)"
[STDLIB]: libc++ version 190102
[START_OPTIONS]
 -in:path:database=Desktop/RosettaBootcamp/rosetta/ -in:file:s=../inputs/5j0k_A.pdb -in:file:native=../inputs/5j0k_A.pdb -out:nstruct=3 -out:prefix=r_ -out:file:scorefile=score.sc -out:file:silent=relaxing_lab7.out -relax:fast -relax:constrain_relax_to_start_coords

[END_OPTIONS]

[START_BACKTRACE]: RAW_LIBC
0   libutility.dylib                    0x000000010d319770 backtrace_string(int) + 76
1   libutility.dylib                    0x000000010d3381f8 utility::excn::Exception::Exception(char const*, int, std::__1::basic_string<char, std::__1::char_traits<char>, std::__1::allocator<char>> const&) + 220
2   libutility.dylib                    0x000000010d31d008 utility::UtilityExitException::UtilityExitException(char const*, int, std::__1::basic_string<char, std::__1::char_traits<char>, std::__1::allocator<char>> const&) + 112
3   libutility.dylib                    0x000000010d31ceac utility::exit(char const*, int, std::__1::basic_string<char, std::__1::char_traits<char>, std::__1::allocator<char>> const&, int) + 60
4   libcore.3.dylib                     0x000000010e81adc4 core::scoring::find_weights_file(std::__1::basic_string<char, std::__1::char_traits<char>, std::__1::allocator<char>> const&, std::__1::basic_string<char, std::__1::char_traits<char>, std::__1::allocator<char>> const&) + 1860
5   libcore.3.dylib                     0x000000010e819664 core::scoring::ScoreFunction::add_weights_from_file(std::__1::basic_string<char, std::__1::char_traits<char>, std::__1::allocator<char>> const&) + 64
6   libcore.3.dylib                     0x000000010e832038 core::scoring::ScoreFunctionFactory::load_score_function_from_disk(utility::options::OptionCollection const&, std::__1::basic_string<char, std::__1::char_traits<char>, std::__1::allocator<char>> const&, utility::vector1<std::__1::basic_string<char, std::__1::char_traits<char>, std::__1::allocator<char>>, std::__1::allocator<std::__1::basic_string<char, std::__1::char_traits<char>, std::__1::allocator<char>>>> const&) + 1020
7   libcore.3.dylib                     0x000000010e8325b8 std::__1::shared_ptr<core::scoring::ScoreFunction> utility::thread::safely_check_map_for_key_and_insert_if_absent<core::scoring::ScoreFunction, core::scoring::ScoreFunctionKey>(std::__1::function<std::__1::shared_ptr<core::scoring::ScoreFunction> ()>, bool, core::scoring::ScoreFunctionKey const&, std::__1::map<core::scoring::ScoreFunctionKey, std::__1::shared_ptr<core::scoring::ScoreFunction>, std::__1::less<core::scoring::ScoreFunctionKey>, std::__1::allocator<std::__1::pair<core::scoring::ScoreFunctionKey const, std::__1::shared_ptr<core::scoring::ScoreFunction>>>>&) + 152
8   libcore.3.dylib                     0x000000010e8308e8 core::scoring::ScoreFunctionFactory::create_score_function_nonstatic(utility::options::OptionCollection const&, std::__1::basic_string<char, std::__1::char_traits<char>, std::__1::allocator<char>> const&, utility::vector1<std::__1::basic_string<char, std::__1::char_traits<char>, std::__1::allocator<char>>, std::__1::allocator<std::__1::basic_string<char, std::__1::char_traits<char>, std::__1::allocator<char>>>> const&) + 528
9   libcore.3.dylib                     0x000000010e8341b8 core::scoring::get_score_function(utility::options::OptionCollection const&, bool) + 2216
10  libprotocols.4.dylib                0x0000000109a5c7e4 protocols::relax::generate_relax_from_cmd(utility::options::OptionCollection const&, bool) + 52
11  libprotocols.4.dylib                0x0000000109a4af40 protocols::relax::Relax_main(bool) + 44
12  relax.default.macosclangrelease     0x0000000104adc97c main + 612
13  dyld                                0x000000018a1f6b98 start + 6076

[END_BACKTRACE]

[FILE]: src/core/scoring/ScoreFunction.cc
[LINE]: 3516
[START_MESSAGE]
[ ERROR ] UtilityExitException
ERROR: Unable to open weights/patch file. None of (./)ref2015 or (./)ref2015.wts or Desktop/RosettaBootcamp/rosetta/scoring/weights/ref2015 or Desktop/RosettaBootcamp/rosetta/scoring/weights/ref2015.wts exist



[END_MESSAGE]
[END_CRASH_REPORT]

##############################################################################################################
#
# Rosetta crash log. Please submit the contents of this file to http://crash.rosettacommons.org/
# or use the script Rosetta/main/source/scripts/python/public/report_crashes.py
#

[START_CRASH_REPORT]
[ROSETTA_VERSION]: 0.0.dev0
[COMMIT_DATE]: 2025-11-03T16:46:44
[APPLICATION]: /Users/britniecarpentier/Desktop/RosettaBootcamp/rosetta/source/bin/relax.default.macosclangrelease
[MODE]: Release
[EXTRAS]: default
[OS]: Apple Mac OS X
[COMPILER]: Clang version "17.0.0 (clang-1700.0.13.5)"
[STDLIB]: libc++ version 190102
[START_OPTIONS]
 -in:path:database=Desktop/RosettaBootcamp/rosetta/database/ -in:file:s=/Users/britniecarpentier/Desktop/RosettaBootcamp/rosetta/source/src/apps/pilot/brcarpen6/lab7/inputs/5j0k_A.pdb -in:file:native=/Users/britniecarpentier/Desktop/RosettaBootcamp/rosetta/source/src/apps/pilot/brcarpen6/lab7/inputs/5j0k_A.pdb -out:nstruct=3 -out:prefix=r_ -out:file:scorefile=score.sc -out:file:silent=relaxing_lab7.out -relax:fast -relax:constrain_relax_to_start_coords

[END_OPTIONS]

[START_BACKTRACE]: RAW_LIBC
0   libutility.dylib                    0x000000010b4d5770 backtrace_string(int) + 76
1   libutility.dylib                    0x000000010b4f41f8 utility::excn::Exception::Exception(char const*, int, std::__1::basic_string<char, std::__1::char_traits<char>, std::__1::allocator<char>> const&) + 220
2   libutility.dylib                    0x000000010b4d9008 utility::UtilityExitException::UtilityExitException(char const*, int, std::__1::basic_string<char, std::__1::char_traits<char>, std::__1::allocator<char>> const&) + 112
3   libutility.dylib                    0x000000010b4d8eac utility::exit(char const*, int, std::__1::basic_string<char, std::__1::char_traits<char>, std::__1::allocator<char>> const&, int) + 60
4   libcore.3.dylib                     0x000000010caaedc4 core::scoring::find_weights_file(std::__1::basic_string<char, std::__1::char_traits<char>, std::__1::allocator<char>> const&, std::__1::basic_string<char, std::__1::char_traits<char>, std::__1::allocator<char>> const&) + 1860
5   libcore.3.dylib                     0x000000010caad664 core::scoring::ScoreFunction::add_weights_from_file(std::__1::basic_string<char, std::__1::char_traits<char>, std::__1::allocator<char>> const&) + 64
6   libcore.3.dylib                     0x000000010cac6038 core::scoring::ScoreFunctionFactory::load_score_function_from_disk(utility::options::OptionCollection const&, std::__1::basic_string<char, std::__1::char_traits<char>, std::__1::allocator<char>> const&, utility::vector1<std::__1::basic_string<char, std::__1::char_traits<char>, std::__1::allocator<char>>, std::__1::allocator<std::__1::basic_string<char, std::__1::char_traits<char>, std::__1::allocator<char>>>> const&) + 1020
7   libcore.3.dylib                     0x000000010cac65b8 std::__1::shared_ptr<core::scoring::ScoreFunction> utility::thread::safely_check_map_for_key_and_insert_if_absent<core::scoring::ScoreFunction, core::scoring::ScoreFunctionKey>(std::__1::function<std::__1::shared_ptr<core::scoring::ScoreFunction> ()>, bool, core::scoring::ScoreFunctionKey const&, std::__1::map<core::scoring::ScoreFunctionKey, std::__1::shared_ptr<core::scoring::ScoreFunction>, std::__1::less<core::scoring::ScoreFunctionKey>, std::__1::allocator<std::__1::pair<core::scoring::ScoreFunctionKey const, std::__1::shared_ptr<core::scoring::ScoreFunction>>>>&) + 152
8   libcore.3.dylib                     0x000000010cac48e8 core::scoring::ScoreFunctionFactory::create_score_function_nonstatic(utility::options::OptionCollection const&, std::__1::basic_string<char, std::__1::char_traits<char>, std::__1::allocator<char>> const&, utility::vector1<std::__1::basic_string<char, std::__1::char_traits<char>, std::__1::allocator<char>>, std::__1::allocator<std::__1::basic_string<char, std::__1::char_traits<char>, std::__1::allocator<char>>>> const&) + 528
9   libcore.3.dylib                     0x000000010cac81b8 core::scoring::get_score_function(utility::options::OptionCollection const&, bool) + 2216
10  libprotocols.4.dylib                0x0000000107cf07e4 protocols::relax::generate_relax_from_cmd(utility::options::OptionCollection const&, bool) + 52
11  libprotocols.4.dylib                0x0000000107cdef40 protocols::relax::Relax_main(bool) + 44
12  relax.default.macosclangrelease     0x0000000102a3097c main + 612
13  dyld                                0x000000018a1f6b98 start + 6076

[END_BACKTRACE]

[FILE]: src/core/scoring/ScoreFunction.cc
[LINE]: 3516
[START_MESSAGE]
[ ERROR ] UtilityExitException
ERROR: Unable to open weights/patch file. None of (./)ref2015 or (./)ref2015.wts or Desktop/RosettaBootcamp/rosetta/database/scoring/weights/ref2015 or Desktop/RosettaBootcamp/rosetta/database/scoring/weights/ref2015.wts exist



[END_MESSAGE]
[END_CRASH_REPORT]

##############################################################################################################
#
# Rosetta crash log. Please submit the contents of this file to http://crash.rosettacommons.org/
# or use the script Rosetta/main/source/scripts/python/public/report_crashes.py
#

[START_CRASH_REPORT]
[ROSETTA_VERSION]: 0.0.dev0
[COMMIT_DATE]: 2025-11-03T16:46:44
[APPLICATION]: /Users/britniecarpentier/Desktop/RosettaBootcamp/rosetta/source/bin/relax.default.macosclangrelease
[MODE]: Release
[EXTRAS]: default
[OS]: Apple Mac OS X
[COMPILER]: Clang version "17.0.0 (clang-1700.0.13.5)"
[STDLIB]: libc++ version 190102
[START_OPTIONS]
 -in:path:database=~/Desktop/RosettaBootcamp/rosetta/database/ -in:file:s=/Users/britniecarpentier/Desktop/RosettaBootcamp/rosetta/source/src/apps/pilot/brcarpen6/lab7/inputs/5j0k_A.pdb -in:file:native=/Users/britniecarpentier/Desktop/RosettaBootcamp/rosetta/source/src/apps/pilot/brcarpen6/lab7/inputs/5j0k_A.pdb -out:nstruct=3 -out:prefix=r_ -out:file:scorefile=score.sc -out:file:silent=relaxing_lab7.out -relax:fast -relax:constrain_relax_to_start_coords

[END_OPTIONS]

[START_BACKTRACE]: RAW_LIBC
0   libutility.dylib                    0x000000010cd75770 backtrace_string(int) + 76
1   libutility.dylib                    0x000000010cd941f8 utility::excn::Exception::Exception(char const*, int, std::__1::basic_string<char, std::__1::char_traits<char>, std::__1::allocator<char>> const&) + 220
2   libutility.dylib                    0x000000010cd79008 utility::UtilityExitException::UtilityExitException(char const*, int, std::__1::basic_string<char, std::__1::char_traits<char>, std::__1::allocator<char>> const&) + 112
3   libutility.dylib                    0x000000010cd78eac utility::exit(char const*, int, std::__1::basic_string<char, std::__1::char_traits<char>, std::__1::allocator<char>> const&, int) + 60
4   libcore.3.dylib                     0x000000010ddaedc4 core::scoring::find_weights_file(std::__1::basic_string<char, std::__1::char_traits<char>, std::__1::allocator<char>> const&, std::__1::basic_string<char, std::__1::char_traits<char>, std::__1::allocator<char>> const&) + 1860
5   libcore.3.dylib                     0x000000010ddad664 core::scoring::ScoreFunction::add_weights_from_file(std::__1::basic_string<char, std::__1::char_traits<char>, std::__1::allocator<char>> const&) + 64
6   libcore.3.dylib                     0x000000010ddc6038 core::scoring::ScoreFunctionFactory::load_score_function_from_disk(utility::options::OptionCollection const&, std::__1::basic_string<char, std::__1::char_traits<char>, std::__1::allocator<char>> const&, utility::vector1<std::__1::basic_string<char, std::__1::char_traits<char>, std::__1::allocator<char>>, std::__1::allocator<std::__1::basic_string<char, std::__1::char_traits<char>, std::__1::allocator<char>>>> const&) + 1020
7   libcore.3.dylib                     0x000000010ddc65b8 std::__1::shared_ptr<core::scoring::ScoreFunction> utility::thread::safely_check_map_for_key_and_insert_if_absent<core::scoring::ScoreFunction, core::scoring::ScoreFunctionKey>(std::__1::function<std::__1::shared_ptr<core::scoring::ScoreFunction> ()>, bool, core::scoring::ScoreFunctionKey const&, std::__1::map<core::scoring::ScoreFunctionKey, std::__1::shared_ptr<core::scoring::ScoreFunction>, std::__1::less<core::scoring::ScoreFunctionKey>, std::__1::allocator<std::__1::pair<core::scoring::ScoreFunctionKey const, std::__1::shared_ptr<core::scoring::ScoreFunction>>>>&) + 152
8   libcore.3.dylib                     0x000000010ddc48e8 core::scoring::ScoreFunctionFactory::create_score_function_nonstatic(utility::options::OptionCollection const&, std::__1::basic_string<char, std::__1::char_traits<char>, std::__1::allocator<char>> const&, utility::vector1<std::__1::basic_string<char, std::__1::char_traits<char>, std::__1::allocator<char>>, std::__1::allocator<std::__1::basic_string<char, std::__1::char_traits<char>, std::__1::allocator<char>>>> const&) + 528
9   libcore.3.dylib                     0x000000010ddc81b8 core::scoring::get_score_function(utility::options::OptionCollection const&, bool) + 2216
10  libprotocols.4.dylib                0x0000000108ff07e4 protocols::relax::generate_relax_from_cmd(utility::options::OptionCollection const&, bool) + 52
11  libprotocols.4.dylib                0x0000000108fdef40 protocols::relax::Relax_main(bool) + 44
12  relax.default.macosclangrelease     0x00000001040e097c main + 612
13  dyld                                0x000000018a1f6b98 start + 6076

[END_BACKTRACE]

[FILE]: src/core/scoring/ScoreFunction.cc
[LINE]: 3516
[START_MESSAGE]
[ ERROR ] UtilityExitException
ERROR: Unable to open weights/patch file. None of (./)ref2015 or (./)ref2015.wts or ~/Desktop/RosettaBootcamp/rosetta/database/scoring/weights/ref2015 or ~/Desktop/RosettaBootcamp/rosetta/database/scoring/weights/ref2015.wts exist



[END_MESSAGE]
[END_CRASH_REPORT]

##############################################################################################################
#
# Rosetta crash log. Please submit the contents of this file to http://crash.rosettacommons.org/
# or use the script Rosetta/main/source/scripts/python/public/report_crashes.py
#

[START_CRASH_REPORT]
[ROSETTA_VERSION]: 0.0.dev0
[COMMIT_DATE]: 2025-11-03T16:46:44
[APPLICATION]: /Users/britniecarpentier/Desktop/RosettaBootcamp/rosetta/source/bin/relax.default.macosclangrelease
[MODE]: Release
[EXTRAS]: default
[OS]: Apple Mac OS X
[COMPILER]: Clang version "17.0.0 (clang-1700.0.13.5)"
[STDLIB]: libc++ version 190102
[START_OPTIONS]
 -in:path:database=~/Users/britniecarpentier/Desktop/RosettaBootcamp/rosetta/database/ -in:file:s=/Users/britniecarpentier/Desktop/RosettaBootcamp/rosetta/source/src/apps/pilot/brcarpen6/lab7/inputs/5j0k_A.pdb -in:file:native=/Users/britniecarpentier/Desktop/RosettaBootcamp/rosetta/source/src/apps/pilot/brcarpen6/lab7/inputs/5j0k_A.pdb -out:nstruct=3 -out:prefix=r_ -out:file:scorefile=score.sc -out:file:silent=relaxing_lab7.out -relax:fast -relax:constrain_relax_to_start_coords

[END_OPTIONS]

[START_BACKTRACE]: RAW_LIBC
0   libutility.dylib                    0x000000010d221770 backtrace_string(int) + 76
1   libutility.dylib                    0x000000010d2401f8 utility::excn::Exception::Exception(char const*, int, std::__1::basic_string<char, std::__1::char_traits<char>, std::__1::allocator<char>> const&) + 220
2   libutility.dylib                    0x000000010d225008 utility::UtilityExitException::UtilityExitException(char const*, int, std::__1::basic_string<char, std::__1::char_traits<char>, std::__1::allocator<char>> const&) + 112
3   libutility.dylib                    0x000000010d224eac utility::exit(char const*, int, std::__1::basic_string<char, std::__1::char_traits<char>, std::__1::allocator<char>> const&, int) + 60
4   libcore.3.dylib                     0x000000010e7fadc4 core::scoring::find_weights_file(std::__1::basic_string<char, std::__1::char_traits<char>, std::__1::allocator<char>> const&, std::__1::basic_string<char, std::__1::char_traits<char>, std::__1::allocator<char>> const&) + 1860
5   libcore.3.dylib                     0x000000010e7f9664 core::scoring::ScoreFunction::add_weights_from_file(std::__1::basic_string<char, std::__1::char_traits<char>, std::__1::allocator<char>> const&) + 64
6   libcore.3.dylib                     0x000000010e812038 core::scoring::ScoreFunctionFactory::load_score_function_from_disk(utility::options::OptionCollection const&, std::__1::basic_string<char, std::__1::char_traits<char>, std::__1::allocator<char>> const&, utility::vector1<std::__1::basic_string<char, std::__1::char_traits<char>, std::__1::allocator<char>>, std::__1::allocator<std::__1::basic_string<char, std::__1::char_traits<char>, std::__1::allocator<char>>>> const&) + 1020
7   libcore.3.dylib                     0x000000010e8125b8 std::__1::shared_ptr<core::scoring::ScoreFunction> utility::thread::safely_check_map_for_key_and_insert_if_absent<core::scoring::ScoreFunction, core::scoring::ScoreFunctionKey>(std::__1::function<std::__1::shared_ptr<core::scoring::ScoreFunction> ()>, bool, core::scoring::ScoreFunctionKey const&, std::__1::map<core::scoring::ScoreFunctionKey, std::__1::shared_ptr<core::scoring::ScoreFunction>, std::__1::less<core::scoring::ScoreFunctionKey>, std::__1::allocator<std::__1::pair<core::scoring::ScoreFunctionKey const, std::__1::shared_ptr<core::scoring::ScoreFunction>>>>&) + 152
8   libcore.3.dylib                     0x000000010e8108e8 core::scoring::ScoreFunctionFactory::create_score_function_nonstatic(utility::options::OptionCollection const&, std::__1::basic_string<char, std::__1::char_traits<char>, std::__1::allocator<char>> const&, utility::vector1<std::__1::basic_string<char, std::__1::char_traits<char>, std::__1::allocator<char>>, std::__1::allocator<std::__1::basic_string<char, std::__1::char_traits<char>, std::__1::allocator<char>>>> const&) + 528
9   libcore.3.dylib                     0x000000010e8141b8 core::scoring::get_score_function(utility::options::OptionCollection const&, bool) + 2216
10  libprotocols.4.dylib                0x0000000109a3c7e4 protocols::relax::generate_relax_from_cmd(utility::options::OptionCollection const&, bool) + 52
11  libprotocols.4.dylib                0x0000000109a2af40 protocols::relax::Relax_main(bool) + 44
12  relax.default.macosclangrelease     0x000000010489c97c main + 612
13  dyld                                0x000000018a1f6b98 start + 6076

[END_BACKTRACE]

[FILE]: src/core/scoring/ScoreFunction.cc
[LINE]: 3516
[START_MESSAGE]
[ ERROR ] UtilityExitException
ERROR: Unable to open weights/patch file. None of (./)ref2015 or (./)ref2015.wts or ~/Users/britniecarpentier/Desktop/RosettaBootcamp/rosetta/database/scoring/weights/ref2015 or ~/Users/britniecarpentier/Desktop/RosettaBootcamp/rosetta/database/scoring/weights/ref2015.wts exist



[END_MESSAGE]
[END_CRASH_REPORT]

##############################################################################################################
#
# Rosetta crash log. Please submit the contents of this file to http://crash.rosettacommons.org/
# or use the script Rosetta/main/source/scripts/python/public/report_crashes.py
#

[START_CRASH_REPORT]
[ROSETTA_VERSION]: 0.0.dev0
[COMMIT_DATE]: 2025-11-03T16:46:44
[APPLICATION]: /Users/britniecarpentier/Desktop/RosettaBootcamp/rosetta/source/bin/relax.default.macosclangrelease
[MODE]: Release
[EXTRAS]: default
[OS]: Apple Mac OS X
[COMPILER]: Clang version "17.0.0 (clang-1700.0.13.5)"
[STDLIB]: libc++ version 190102
[START_OPTIONS]
 -in:path:database=/Users/britniecarpentier/Desktop/RosettaBootcamp/rosetta/database/ -in:file:s=/Users/britniecarpentier/Desktop/RosettaBootcamp/rosetta/source/src/apps/pilot/brcarpen6/lab7/inputs/5j0k_A.pdb -in:file:native=/Users/britniecarpentier/Desktop/RosettaBootcamp/rosetta/source/src/apps/pilot/brcarpen6/lab7/inputs/5j0k_A.pdb -out:nstruct=3 -out:prefix=sfxn2_talaris14_ -out:file:scorefile=score_talaris14.sc -out:file:silent=relaxing_lab7_talaris14.out -score:weights=talaris14 -relax:fast -relax:constrain_relax_to_start_coords

[END_OPTIONS]

[START_BACKTRACE]: RAW_LIBC
0   libutility.dylib                    0x000000010c991770 backtrace_string(int) + 76
1   libutility.dylib                    0x000000010c9b01f8 utility::excn::Exception::Exception(char const*, int, std::__1::basic_string<char, std::__1::char_traits<char>, std::__1::allocator<char>> const&) + 220
2   libutility.dylib                    0x000000010c995008 utility::UtilityExitException::UtilityExitException(char const*, int, std::__1::basic_string<char, std::__1::char_traits<char>, std::__1::allocator<char>> const&) + 112
3   libutility.dylib                    0x000000010c994eac utility::exit(char const*, int, std::__1::basic_string<char, std::__1::char_traits<char>, std::__1::allocator<char>> const&, int) + 60
4   libcore.3.dylib                     0x000000010de92dc4 core::scoring::find_weights_file(std::__1::basic_string<char, std::__1::char_traits<char>, std::__1::allocator<char>> const&, std::__1::basic_string<char, std::__1::char_traits<char>, std::__1::allocator<char>> const&) + 1860
5   libcore.3.dylib                     0x000000010de91664 core::scoring::ScoreFunction::add_weights_from_file(std::__1::basic_string<char, std::__1::char_traits<char>, std::__1::allocator<char>> const&) + 64
6   libcore.3.dylib                     0x000000010deaa038 core::scoring::ScoreFunctionFactory::load_score_function_from_disk(utility::options::OptionCollection const&, std::__1::basic_string<char, std::__1::char_traits<char>, std::__1::allocator<char>> const&, utility::vector1<std::__1::basic_string<char, std::__1::char_traits<char>, std::__1::allocator<char>>, std::__1::allocator<std::__1::basic_string<char, std::__1::char_traits<char>, std::__1::allocator<char>>>> const&) + 1020
7   libcore.3.dylib                     0x000000010deaa5b8 std::__1::shared_ptr<core::scoring::ScoreFunction> utility::thread::safely_check_map_for_key_and_insert_if_absent<core::scoring::ScoreFunction, core::scoring::ScoreFunctionKey>(std::__1::function<std::__1::shared_ptr<core::scoring::ScoreFunction> ()>, bool, core::scoring::ScoreFunctionKey const&, std::__1::map<core::scoring::ScoreFunctionKey, std::__1::shared_ptr<core::scoring::ScoreFunction>, std::__1::less<core::scoring::ScoreFunctionKey>, std::__1::allocator<std::__1::pair<core::scoring::ScoreFunctionKey const, std::__1::shared_ptr<core::scoring::ScoreFunction>>>>&) + 152
8   libcore.3.dylib                     0x000000010dea88e8 core::scoring::ScoreFunctionFactory::create_score_function_nonstatic(utility::options::OptionCollection const&, std::__1::basic_string<char, std::__1::char_traits<char>, std::__1::allocator<char>> const&, utility::vector1<std::__1::basic_string<char, std::__1::char_traits<char>, std::__1::allocator<char>>, std::__1::allocator<std::__1::basic_string<char, std::__1::char_traits<char>, std::__1::allocator<char>>>> const&) + 528
9   libcore.3.dylib                     0x000000010deac1b8 core::scoring::get_score_function(utility::options::OptionCollection const&, bool) + 2216
10  libprotocols.4.dylib                0x00000001090d47e4 protocols::relax::generate_relax_from_cmd(utility::options::OptionCollection const&, bool) + 52
11  libprotocols.4.dylib                0x00000001090c2f40 protocols::relax::Relax_main(bool) + 44
12  relax.default.macosclangrelease     0x000000010413497c main + 612
13  dyld                                0x000000018a1f6b98 start + 6076

[END_BACKTRACE]

[FILE]: src/core/scoring/ScoreFunction.cc
[LINE]: 3516
[START_MESSAGE]
[ ERROR ] UtilityExitException
ERROR: Unable to open weights/patch file. None of (./)talaris14 or (./)talaris14.wts or /Users/britniecarpentier/Desktop/RosettaBootcamp/rosetta/database/scoring/weights/talaris14 or /Users/britniecarpentier/Desktop/RosettaBootcamp/rosetta/database/scoring/weights/talaris14.wts exist



[END_MESSAGE]
[END_CRASH_REPORT]

##############################################################################################################
#
# Rosetta crash log. Please submit the contents of this file to http://crash.rosettacommons.org/
# or use the script Rosetta/main/source/scripts/python/public/report_crashes.py
#

[START_CRASH_REPORT]
[ROSETTA_VERSION]: 0.0.dev0
[COMMIT_DATE]: 2025-11-03T16:46:44
[APPLICATION]: /Users/britniecarpentier/Desktop/RosettaBootcamp/rosetta/source/bin/relax.default.macosclangrelease
[MODE]: Release
[EXTRAS]: default
[OS]: Apple Mac OS X
[COMPILER]: Clang version "17.0.0 (clang-1700.0.13.5)"
[STDLIB]: libc++ version 190102
[START_OPTIONS]
 -in:path:database=/Users/britniecarpentier/Desktop/RosettaBootcamp/rosetta/database/ -in:file:s=/Users/britniecarpentier/Desktop/RosettaBootcamp/rosetta/source/src/apps/pilot/brcarpen6/lab7/inputs/5j0k_A.pdb -in:file:native=/Users/britniecarpentier/Desktop/RosettaBootcamp/rosetta/source/src/apps/pilot/brcarpen6/lab7/inputs/5j0k_A.pdb -out:nstruct=3 -out:prefix=sfxn2_talaris14_ -out:file:scorefile=score_talaris14.sc -out:file:silent=relaxing_lab7_talaris14.out -score:weights=talaris2014 -relax:fast -relax:constrain_relax_to_start_coords

[END_OPTIONS]

[START_BACKTRACE]: RAW_LIBC
0   libutility.dylib                    0x0000000109b01770 backtrace_string(int) + 76
1   libutility.dylib                    0x0000000109b201f8 utility::excn::Exception::Exception(char const*, int, std::__1::basic_string<char, std::__1::char_traits<char>, std::__1::allocator<char>> const&) + 220
2   libutility.dylib                    0x0000000109b05008 utility::UtilityExitException::UtilityExitException(char const*, int, std::__1::basic_string<char, std::__1::char_traits<char>, std::__1::allocator<char>> const&) + 112
3   libutility.dylib                    0x0000000109b04eac utility::exit(char const*, int, std::__1::basic_string<char, std::__1::char_traits<char>, std::__1::allocator<char>> const&, int) + 60
4   libcore.3.dylib                     0x000000010ab51164 core::scoring::ScoreFunctionFactory::validate_talaris(std::__1::basic_string<char, std::__1::char_traits<char>, std::__1::allocator<char>> const&, utility::options::OptionCollection const&) + 1504
5   libcore.3.dylib                     0x000000010ab51fe4 core::scoring::ScoreFunctionFactory::load_score_function_from_disk(utility::options::OptionCollection const&, std::__1::basic_string<char, std::__1::char_traits<char>, std::__1::allocator<char>> const&, utility::vector1<std::__1::basic_string<char, std::__1::char_traits<char>, std::__1::allocator<char>>, std::__1::allocator<std::__1::basic_string<char, std::__1::char_traits<char>, std::__1::allocator<char>>>> const&) + 936
6   libcore.3.dylib                     0x000000010ab525b8 std::__1::shared_ptr<core::scoring::ScoreFunction> utility::thread::safely_check_map_for_key_and_insert_if_absent<core::scoring::ScoreFunction, core::scoring::ScoreFunctionKey>(std::__1::function<std::__1::shared_ptr<core::scoring::ScoreFunction> ()>, bool, core::scoring::ScoreFunctionKey const&, std::__1::map<core::scoring::ScoreFunctionKey, std::__1::shared_ptr<core::scoring::ScoreFunction>, std::__1::less<core::scoring::ScoreFunctionKey>, std::__1::allocator<std::__1::pair<core::scoring::ScoreFunctionKey const, std::__1::shared_ptr<core::scoring::ScoreFunction>>>>&) + 152
7   libcore.3.dylib                     0x000000010ab508e8 core::scoring::ScoreFunctionFactory::create_score_function_nonstatic(utility::options::OptionCollection const&, std::__1::basic_string<char, std::__1::char_traits<char>, std::__1::allocator<char>> const&, utility::vector1<std::__1::basic_string<char, std::__1::char_traits<char>, std::__1::allocator<char>>, std::__1::allocator<std::__1::basic_string<char, std::__1::char_traits<char>, std::__1::allocator<char>>>> const&) + 528
8   libcore.3.dylib                     0x000000010ab541b8 core::scoring::get_score_function(utility::options::OptionCollection const&, bool) + 2216
9   libprotocols.4.dylib                0x0000000105d7c7e4 protocols::relax::generate_relax_from_cmd(utility::options::OptionCollection const&, bool) + 52
10  libprotocols.4.dylib                0x0000000105d6af40 protocols::relax::Relax_main(bool) + 44
11  relax.default.macosclangrelease     0x0000000100e6897c main + 612
12  dyld                                0x000000018a1f6b98 start + 6076

[END_BACKTRACE]

[FILE]: src/core/scoring/ScoreFunctionFactory.cc
[LINE]: 109
[START_MESSAGE]
[ ERROR ] UtilityExitException
ERROR: talaris2014(.wts) requested, but -corrections::restore_talaris_behavior not set to true. This leads to a garbage scorefunction.  Exiting.



[END_MESSAGE]
[END_CRASH_REPORT]

