##############################################################################################################
#
# Rosetta crash log. Please submit the contents of this file to http://crash.rosettacommons.org/
# or use the script Rosetta/main/source/scripts/python/public/report_crashes.py
#

[START_CRASH_REPORT]
[ROSETTA_VERSION]: 0.0.dev0
[COMMIT_DATE]: 2025-11-03T16:46:44
[APPLICATION]: /Users/britniecarpentier/Desktop/RosettaBootcamp/rosetta/source/bin/relax.default.macosclangrelease
[MODE]: Release
[EXTRAS]: default
[OS]: Apple Mac OS X
[COMPILER]: Clang version "17.0.0 (clang-1700.0.13.5)"
[STDLIB]: libc++ version 190102
[START_OPTIONS]
 -in:path:database=Desktop/RosettaBootcamp/rosetta/database/ -in:file:s=../inputs/5j0k_A.pdb -in:file:native=../inputs/5j0k_A.pdb -out:nstruct=3 -out:prefix=r_ -out:file:scorefile=score.sc -out:file:silent=relaxing_lab7.out -relax:fast -relax:constrain_relax_to_start_coords

[END_OPTIONS]

[START_BACKTRACE]: RAW_LIBC
0   libutility.dylib                    0x000000010cea9770 backtrace_string(int) + 76
1   libutility.dylib                    0x000000010cec81f8 utility::excn::Exception::Exception(char const*, int, std::__1::basic_string<char, std::__1::char_traits<char>, std::__1::allocator<char>> const&) + 220
2   libutility.dylib                    0x000000010cead008 utility::UtilityExitException::UtilityExitException(char const*, int, std::__1::basic_string<char, std::__1::char_traits<char>, std::__1::allocator<char>> const&) + 112
3   libutility.dylib                    0x000000010ceaceac utility::exit(char const*, int, std::__1::basic_string<char, std::__1::char_traits<char>, std::__1::allocator<char>> const&, int) + 60
4   libcore.3.dylib                     0x000000010e3aadc4 core::scoring::find_weights_file(std::__1::basic_string<char, std::__1::char_traits<char>, std::__1::allocator<char>> const&, std::__1::basic_string<char, std::__1::char_traits<char>, std::__1::allocator<char>> const&) + 1860
5   libcore.3.dylib                     0x000000010e3a9664 core::scoring::ScoreFunction::add_weights_from_file(std::__1::basic_string<char, std::__1::char_traits<char>, std::__1::allocator<char>> const&) + 64
6   libcore.3.dylib                     0x000000010e3c2038 core::scoring::ScoreFunctionFactory::load_score_function_from_disk(utility::options::OptionCollection const&, std::__1::basic_string<char, std::__1::char_traits<char>, std::__1::allocator<char>> const&, utility::vector1<std::__1::basic_string<char, std::__1::char_traits<char>, std::__1::allocator<char>>, std::__1::allocator<std::__1::basic_string<char, std::__1::char_traits<char>, std::__1::allocator<char>>>> const&) + 1020
7   libcore.3.dylib                     0x000000010e3c25b8 std::__1::shared_ptr<core::scoring::ScoreFunction> utility::thread::safely_check_map_for_key_and_insert_if_absent<core::scoring::ScoreFunction, core::scoring::ScoreFunctionKey>(std::__1::function<std::__1::shared_ptr<core::scoring::ScoreFunction> ()>, bool, core::scoring::ScoreFunctionKey const&, std::__1::map<core::scoring::ScoreFunctionKey, std::__1::shared_ptr<core::scoring::ScoreFunction>, std::__1::less<core::scoring::ScoreFunctionKey>, std::__1::allocator<std::__1::pair<core::scoring::ScoreFunctionKey const, std::__1::shared_ptr<core::scoring::ScoreFunction>>>>&) + 152
8   libcore.3.dylib                     0x000000010e3c08e8 core::scoring::ScoreFunctionFactory::create_score_function_nonstatic(utility::options::OptionCollection const&, std::__1::basic_string<char, std::__1::char_traits<char>, std::__1::allocator<char>> const&, utility::vector1<std::__1::basic_string<char, std::__1::char_traits<char>, std::__1::allocator<char>>, std::__1::allocator<std::__1::basic_string<char, std::__1::char_traits<char>, std::__1::allocator<char>>>> const&) + 528
9   libcore.3.dylib                     0x000000010e3c41b8 core::scoring::get_score_function(utility::options::OptionCollection const&, bool) + 2216
10  libprotocols.4.dylib                0x00000001095ec7e4 protocols::relax::generate_relax_from_cmd(utility::options::OptionCollection const&, bool) + 52
11  libprotocols.4.dylib                0x00000001095daf40 protocols::relax::Relax_main(bool) + 44
12  relax.default.macosclangrelease     0x000000010466c97c main + 612
13  dyld                                0x000000018a1f6b98 start + 6076

[END_BACKTRACE]

[FILE]: src/core/scoring/ScoreFunction.cc
[LINE]: 3516
[START_MESSAGE]
[ ERROR ] UtilityExitException
ERROR: Unable to open weights/patch file. None of (./)ref2015 or (./)ref2015.wts or Desktop/RosettaBootcamp/rosetta/database/scoring/weights/ref2015 or Desktop/RosettaBootcamp/rosetta/database/scoring/weights/ref2015.wts exist



[END_MESSAGE]
[END_CRASH_REPORT]

##############################################################################################################
#
# Rosetta crash log. Please submit the contents of this file to http://crash.rosettacommons.org/
# or use the script Rosetta/main/source/scripts/python/public/report_crashes.py
#

[START_CRASH_REPORT]
[ROSETTA_VERSION]: 0.0.dev0
[COMMIT_DATE]: 2025-11-03T16:46:44
[APPLICATION]: /Users/britniecarpentier/Desktop/RosettaBootcamp/rosetta/source/bin/relax.default.macosclangrelease
[MODE]: Release
[EXTRAS]: default
[OS]: Apple Mac OS X
[COMPILER]: Clang version "17.0.0 (clang-1700.0.13.5)"
[STDLIB]: libc++ version 190102
[START_OPTIONS]
 -in:path:database=Desktop/RosettaBootcamp/rosetta/ -in:file:s=../inputs/5j0k_A.pdb -in:file:native=../inputs/5j0k_A.pdb -out:nstruct=3 -out:prefix=r_ -out:file:scorefile=score.sc -out:file:silent=relaxing_lab7.out -relax:fast -relax:constrain_relax_to_start_coords

[END_OPTIONS]

[START_BACKTRACE]: RAW_LIBC
0   libutility.dylib                    0x000000010cfd1770 backtrace_string(int) + 76
1   libutility.dylib                    0x000000010cff01f8 utility::excn::Exception::Exception(char const*, int, std::__1::basic_string<char, std::__1::char_traits<char>, std::__1::allocator<char>> const&) + 220
2   libutility.dylib                    0x000000010cfd5008 utility::UtilityExitException::UtilityExitException(char const*, int, std::__1::basic_string<char, std::__1::char_traits<char>, std::__1::allocator<char>> const&) + 112
3   libutility.dylib                    0x000000010cfd4eac utility::exit(char const*, int, std::__1::basic_string<char, std::__1::char_traits<char>, std::__1::allocator<char>> const&, int) + 60
4   libcore.3.dylib                     0x000000010e5aadc4 core::scoring::find_weights_file(std::__1::basic_string<char, std::__1::char_traits<char>, std::__1::allocator<char>> const&, std::__1::basic_string<char, std::__1::char_traits<char>, std::__1::allocator<char>> const&) + 1860
5   libcore.3.dylib                     0x000000010e5a9664 core::scoring::ScoreFunction::add_weights_from_file(std::__1::basic_string<char, std::__1::char_traits<char>, std::__1::allocator<char>> const&) + 64
6   libcore.3.dylib                     0x000000010e5c2038 core::scoring::ScoreFunctionFactory::load_score_function_from_disk(utility::options::OptionCollection const&, std::__1::basic_string<char, std::__1::char_traits<char>, std::__1::allocator<char>> const&, utility::vector1<std::__1::basic_string<char, std::__1::char_traits<char>, std::__1::allocator<char>>, std::__1::allocator<std::__1::basic_string<char, std::__1::char_traits<char>, std::__1::allocator<char>>>> const&) + 1020
7   libcore.3.dylib                     0x000000010e5c25b8 std::__1::shared_ptr<core::scoring::ScoreFunction> utility::thread::safely_check_map_for_key_and_insert_if_absent<core::scoring::ScoreFunction, core::scoring::ScoreFunctionKey>(std::__1::function<std::__1::shared_ptr<core::scoring::ScoreFunction> ()>, bool, core::scoring::ScoreFunctionKey const&, std::__1::map<core::scoring::ScoreFunctionKey, std::__1::shared_ptr<core::scoring::ScoreFunction>, std::__1::less<core::scoring::ScoreFunctionKey>, std::__1::allocator<std::__1::pair<core::scoring::ScoreFunctionKey const, std::__1::shared_ptr<core::scoring::ScoreFunction>>>>&) + 152
8   libcore.3.dylib                     0x000000010e5c08e8 core::scoring::ScoreFunctionFactory::create_score_function_nonstatic(utility::options::OptionCollection const&, std::__1::basic_string<char, std::__1::char_traits<char>, std::__1::allocator<char>> const&, utility::vector1<std::__1::basic_string<char, std::__1::char_traits<char>, std::__1::allocator<char>>, std::__1::allocator<std::__1::basic_string<char, std::__1::char_traits<char>, std::__1::allocator<char>>>> const&) + 528
9   libcore.3.dylib                     0x000000010e5c41b8 core::scoring::get_score_function(utility::options::OptionCollection const&, bool) + 2216
10  libprotocols.4.dylib                0x00000001097ec7e4 protocols::relax::generate_relax_from_cmd(utility::options::OptionCollection const&, bool) + 52
11  libprotocols.4.dylib                0x00000001097daf40 protocols::relax::Relax_main(bool) + 44
12  relax.default.macosclangrelease     0x000000010464497c main + 612
13  dyld                                0x000000018a1f6b98 start + 6076

[END_BACKTRACE]

[FILE]: src/core/scoring/ScoreFunction.cc
[LINE]: 3516
[START_MESSAGE]
[ ERROR ] UtilityExitException
ERROR: Unable to open weights/patch file. None of (./)ref2015 or (./)ref2015.wts or Desktop/RosettaBootcamp/rosetta/scoring/weights/ref2015 or Desktop/RosettaBootcamp/rosetta/scoring/weights/ref2015.wts exist



[END_MESSAGE]
[END_CRASH_REPORT]

##############################################################################################################
#
# Rosetta crash log. Please submit the contents of this file to http://crash.rosettacommons.org/
# or use the script Rosetta/main/source/scripts/python/public/report_crashes.py
#

[START_CRASH_REPORT]
[ROSETTA_VERSION]: 0.0.dev0
[COMMIT_DATE]: 2025-11-03T16:46:44
[APPLICATION]: /Users/britniecarpentier/Desktop/RosettaBootcamp/rosetta/source/bin/relax.default.macosclangrelease
[MODE]: Release
[EXTRAS]: default
[OS]: Apple Mac OS X
[COMPILER]: Clang version "17.0.0 (clang-1700.0.13.5)"
[STDLIB]: libc++ version 190102
[START_OPTIONS]
 -in:path:database=Desktop/RosettaBootcamp/rosetta/database/ -in:file:s=/Users/britniecarpentier/Desktop/RosettaBootcamp/rosetta/source/src/apps/pilot/brcarpen6/lab7/inputs/5j0k_A.pdb -in:file:native=/Users/britniecarpentier/Desktop/RosettaBootcamp/rosetta/source/src/apps/pilot/brcarpen6/lab7/inputs/5j0k_A.pdb -out:nstruct=3 -out:prefix=r_ -out:file:scorefile=score.sc -out:file:silent=relaxing_lab7.out -relax:fast -relax:constrain_relax_to_start_coords

[END_OPTIONS]

[START_BACKTRACE]: RAW_LIBC
0   libutility.dylib                    0x000000010949d770 backtrace_string(int) + 76
1   libutility.dylib                    0x00000001094bc1f8 utility::excn::Exception::Exception(char const*, int, std::__1::basic_string<char, std::__1::char_traits<char>, std::__1::allocator<char>> const&) + 220
2   libutility.dylib                    0x00000001094a1008 utility::UtilityExitException::UtilityExitException(char const*, int, std::__1::basic_string<char, std::__1::char_traits<char>, std::__1::allocator<char>> const&) + 112
3   libutility.dylib                    0x00000001094a0eac utility::exit(char const*, int, std::__1::basic_string<char, std::__1::char_traits<char>, std::__1::allocator<char>> const&, int) + 60
4   libcore.3.dylib                     0x000000010a4d6dc4 core::scoring::find_weights_file(std::__1::basic_string<char, std::__1::char_traits<char>, std::__1::allocator<char>> const&, std::__1::basic_string<char, std::__1::char_traits<char>, std::__1::allocator<char>> const&) + 1860
5   libcore.3.dylib                     0x000000010a4d5664 core::scoring::ScoreFunction::add_weights_from_file(std::__1::basic_string<char, std::__1::char_traits<char>, std::__1::allocator<char>> const&) + 64
6   libcore.3.dylib                     0x000000010a4ee038 core::scoring::ScoreFunctionFactory::load_score_function_from_disk(utility::options::OptionCollection const&, std::__1::basic_string<char, std::__1::char_traits<char>, std::__1::allocator<char>> const&, utility::vector1<std::__1::basic_string<char, std::__1::char_traits<char>, std::__1::allocator<char>>, std::__1::allocator<std::__1::basic_string<char, std::__1::char_traits<char>, std::__1::allocator<char>>>> const&) + 1020
7   libcore.3.dylib                     0x000000010a4ee5b8 std::__1::shared_ptr<core::scoring::ScoreFunction> utility::thread::safely_check_map_for_key_and_insert_if_absent<core::scoring::ScoreFunction, core::scoring::ScoreFunctionKey>(std::__1::function<std::__1::shared_ptr<core::scoring::ScoreFunction> ()>, bool, core::scoring::ScoreFunctionKey const&, std::__1::map<core::scoring::ScoreFunctionKey, std::__1::shared_ptr<core::scoring::ScoreFunction>, std::__1::less<core::scoring::ScoreFunctionKey>, std::__1::allocator<std::__1::pair<core::scoring::ScoreFunctionKey const, std::__1::shared_ptr<core::scoring::ScoreFunction>>>>&) + 152
8   libcore.3.dylib                     0x000000010a4ec8e8 core::scoring::ScoreFunctionFactory::create_score_function_nonstatic(utility::options::OptionCollection const&, std::__1::basic_string<char, std::__1::char_traits<char>, std::__1::allocator<char>> const&, utility::vector1<std::__1::basic_string<char, std::__1::char_traits<char>, std::__1::allocator<char>>, std::__1::allocator<std::__1::basic_string<char, std::__1::char_traits<char>, std::__1::allocator<char>>>> const&) + 528
9   libcore.3.dylib                     0x000000010a4f01b8 core::scoring::get_score_function(utility::options::OptionCollection const&, bool) + 2216
10  libprotocols.4.dylib                0x00000001057187e4 protocols::relax::generate_relax_from_cmd(utility::options::OptionCollection const&, bool) + 52
11  libprotocols.4.dylib                0x0000000105706f40 protocols::relax::Relax_main(bool) + 44
12  relax.default.macosclangrelease     0x000000010081097c main + 612
13  dyld                                0x000000018a1f6b98 start + 6076

[END_BACKTRACE]

[FILE]: src/core/scoring/ScoreFunction.cc
[LINE]: 3516
[START_MESSAGE]
[ ERROR ] UtilityExitException
ERROR: Unable to open weights/patch file. None of (./)ref2015 or (./)ref2015.wts or Desktop/RosettaBootcamp/rosetta/database/scoring/weights/ref2015 or Desktop/RosettaBootcamp/rosetta/database/scoring/weights/ref2015.wts exist



[END_MESSAGE]
[END_CRASH_REPORT]

##############################################################################################################
#
# Rosetta crash log. Please submit the contents of this file to http://crash.rosettacommons.org/
# or use the script Rosetta/main/source/scripts/python/public/report_crashes.py
#

[START_CRASH_REPORT]
[ROSETTA_VERSION]: 0.0.dev0
[COMMIT_DATE]: 2025-11-03T16:46:44
[APPLICATION]: /Users/britniecarpentier/Desktop/RosettaBootcamp/rosetta/source/bin/relax.default.macosclangrelease
[MODE]: Release
[EXTRAS]: default
[OS]: Apple Mac OS X
[COMPILER]: Clang version "17.0.0 (clang-1700.0.13.5)"
[STDLIB]: libc++ version 190102
[START_OPTIONS]
 -in:path:database=~/Desktop/RosettaBootcamp/rosetta/database/ -in:file:s=/Users/britniecarpentier/Desktop/RosettaBootcamp/rosetta/source/src/apps/pilot/brcarpen6/lab7/inputs/5j0k_A.pdb -in:file:native=/Users/britniecarpentier/Desktop/RosettaBootcamp/rosetta/source/src/apps/pilot/brcarpen6/lab7/inputs/5j0k_A.pdb -out:nstruct=3 -out:prefix=r_ -out:file:scorefile=score.sc -out:file:silent=relaxing_lab7.out -relax:fast -relax:constrain_relax_to_start_coords

[END_OPTIONS]

[START_BACKTRACE]: RAW_LIBC
0   libutility.dylib                    0x000000010b591770 backtrace_string(int) + 76
1   libutility.dylib                    0x000000010b5b01f8 utility::excn::Exception::Exception(char const*, int, std::__1::basic_string<char, std::__1::char_traits<char>, std::__1::allocator<char>> const&) + 220
2   libutility.dylib                    0x000000010b595008 utility::UtilityExitException::UtilityExitException(char const*, int, std::__1::basic_string<char, std::__1::char_traits<char>, std::__1::allocator<char>> const&) + 112
3   libutility.dylib                    0x000000010b594eac utility::exit(char const*, int, std::__1::basic_string<char, std::__1::char_traits<char>, std::__1::allocator<char>> const&, int) + 60
4   libcore.3.dylib                     0x000000010cb6adc4 core::scoring::find_weights_file(std::__1::basic_string<char, std::__1::char_traits<char>, std::__1::allocator<char>> const&, std::__1::basic_string<char, std::__1::char_traits<char>, std::__1::allocator<char>> const&) + 1860
5   libcore.3.dylib                     0x000000010cb69664 core::scoring::ScoreFunction::add_weights_from_file(std::__1::basic_string<char, std::__1::char_traits<char>, std::__1::allocator<char>> const&) + 64
6   libcore.3.dylib                     0x000000010cb82038 core::scoring::ScoreFunctionFactory::load_score_function_from_disk(utility::options::OptionCollection const&, std::__1::basic_string<char, std::__1::char_traits<char>, std::__1::allocator<char>> const&, utility::vector1<std::__1::basic_string<char, std::__1::char_traits<char>, std::__1::allocator<char>>, std::__1::allocator<std::__1::basic_string<char, std::__1::char_traits<char>, std::__1::allocator<char>>>> const&) + 1020
7   libcore.3.dylib                     0x000000010cb825b8 std::__1::shared_ptr<core::scoring::ScoreFunction> utility::thread::safely_check_map_for_key_and_insert_if_absent<core::scoring::ScoreFunction, core::scoring::ScoreFunctionKey>(std::__1::function<std::__1::shared_ptr<core::scoring::ScoreFunction> ()>, bool, core::scoring::ScoreFunctionKey const&, std::__1::map<core::scoring::ScoreFunctionKey, std::__1::shared_ptr<core::scoring::ScoreFunction>, std::__1::less<core::scoring::ScoreFunctionKey>, std::__1::allocator<std::__1::pair<core::scoring::ScoreFunctionKey const, std::__1::shared_ptr<core::scoring::ScoreFunction>>>>&) + 152
8   libcore.3.dylib                     0x000000010cb808e8 core::scoring::ScoreFunctionFactory::create_score_function_nonstatic(utility::options::OptionCollection const&, std::__1::basic_string<char, std::__1::char_traits<char>, std::__1::allocator<char>> const&, utility::vector1<std::__1::basic_string<char, std::__1::char_traits<char>, std::__1::allocator<char>>, std::__1::allocator<std::__1::basic_string<char, std::__1::char_traits<char>, std::__1::allocator<char>>>> const&) + 528
9   libcore.3.dylib                     0x000000010cb841b8 core::scoring::get_score_function(utility::options::OptionCollection const&, bool) + 2216
10  libprotocols.4.dylib                0x0000000107dac7e4 protocols::relax::generate_relax_from_cmd(utility::options::OptionCollection const&, bool) + 52
11  libprotocols.4.dylib                0x0000000107d9af40 protocols::relax::Relax_main(bool) + 44
12  relax.default.macosclangrelease     0x0000000102ab497c main + 612
13  dyld                                0x000000018a1f6b98 start + 6076

[END_BACKTRACE]

[FILE]: src/core/scoring/ScoreFunction.cc
[LINE]: 3516
[START_MESSAGE]
[ ERROR ] UtilityExitException
ERROR: Unable to open weights/patch file. None of (./)ref2015 or (./)ref2015.wts or ~/Desktop/RosettaBootcamp/rosetta/database/scoring/weights/ref2015 or ~/Desktop/RosettaBootcamp/rosetta/database/scoring/weights/ref2015.wts exist



[END_MESSAGE]
[END_CRASH_REPORT]

##############################################################################################################
#
# Rosetta crash log. Please submit the contents of this file to http://crash.rosettacommons.org/
# or use the script Rosetta/main/source/scripts/python/public/report_crashes.py
#

[START_CRASH_REPORT]
[ROSETTA_VERSION]: 0.0.dev0
[COMMIT_DATE]: 2025-11-03T16:46:44
[APPLICATION]: /Users/britniecarpentier/Desktop/RosettaBootcamp/rosetta/source/bin/relax.default.macosclangrelease
[MODE]: Release
[EXTRAS]: default
[OS]: Apple Mac OS X
[COMPILER]: Clang version "17.0.0 (clang-1700.0.13.5)"
[STDLIB]: libc++ version 190102
[START_OPTIONS]
 -in:path:database=~/Users/britniecarpentier/Desktop/RosettaBootcamp/rosetta/database/ -in:file:s=/Users/britniecarpentier/Desktop/RosettaBootcamp/rosetta/source/src/apps/pilot/brcarpen6/lab7/inputs/5j0k_A.pdb -in:file:native=/Users/britniecarpentier/Desktop/RosettaBootcamp/rosetta/source/src/apps/pilot/brcarpen6/lab7/inputs/5j0k_A.pdb -out:nstruct=3 -out:prefix=r_ -out:file:scorefile=score.sc -out:file:silent=relaxing_lab7.out -relax:fast -relax:constrain_relax_to_start_coords

[END_OPTIONS]

[START_BACKTRACE]: RAW_LIBC
0   libutility.dylib                    0x0000000108e69770 backtrace_string(int) + 76
1   libutility.dylib                    0x0000000108e881f8 utility::excn::Exception::Exception(char const*, int, std::__1::basic_string<char, std::__1::char_traits<char>, std::__1::allocator<char>> const&) + 220
2   libutility.dylib                    0x0000000108e6d008 utility::UtilityExitException::UtilityExitException(char const*, int, std::__1::basic_string<char, std::__1::char_traits<char>, std::__1::allocator<char>> const&) + 112
3   libutility.dylib                    0x0000000108e6ceac utility::exit(char const*, int, std::__1::basic_string<char, std::__1::char_traits<char>, std::__1::allocator<char>> const&, int) + 60
4   libcore.3.dylib                     0x000000010a442dc4 core::scoring::find_weights_file(std::__1::basic_string<char, std::__1::char_traits<char>, std::__1::allocator<char>> const&, std::__1::basic_string<char, std::__1::char_traits<char>, std::__1::allocator<char>> const&) + 1860
5   libcore.3.dylib                     0x000000010a441664 core::scoring::ScoreFunction::add_weights_from_file(std::__1::basic_string<char, std::__1::char_traits<char>, std::__1::allocator<char>> const&) + 64
6   libcore.3.dylib                     0x000000010a45a038 core::scoring::ScoreFunctionFactory::load_score_function_from_disk(utility::options::OptionCollection const&, std::__1::basic_string<char, std::__1::char_traits<char>, std::__1::allocator<char>> const&, utility::vector1<std::__1::basic_string<char, std::__1::char_traits<char>, std::__1::allocator<char>>, std::__1::allocator<std::__1::basic_string<char, std::__1::char_traits<char>, std::__1::allocator<char>>>> const&) + 1020
7   libcore.3.dylib                     0x000000010a45a5b8 std::__1::shared_ptr<core::scoring::ScoreFunction> utility::thread::safely_check_map_for_key_and_insert_if_absent<core::scoring::ScoreFunction, core::scoring::ScoreFunctionKey>(std::__1::function<std::__1::shared_ptr<core::scoring::ScoreFunction> ()>, bool, core::scoring::ScoreFunctionKey const&, std::__1::map<core::scoring::ScoreFunctionKey, std::__1::shared_ptr<core::scoring::ScoreFunction>, std::__1::less<core::scoring::ScoreFunctionKey>, std::__1::allocator<std::__1::pair<core::scoring::ScoreFunctionKey const, std::__1::shared_ptr<core::scoring::ScoreFunction>>>>&) + 152
8   libcore.3.dylib                     0x000000010a4588e8 core::scoring::ScoreFunctionFactory::create_score_function_nonstatic(utility::options::OptionCollection const&, std::__1::basic_string<char, std::__1::char_traits<char>, std::__1::allocator<char>> const&, utility::vector1<std::__1::basic_string<char, std::__1::char_traits<char>, std::__1::allocator<char>>, std::__1::allocator<std::__1::basic_string<char, std::__1::char_traits<char>, std::__1::allocator<char>>>> const&) + 528
9   libcore.3.dylib                     0x000000010a45c1b8 core::scoring::get_score_function(utility::options::OptionCollection const&, bool) + 2216
10  libprotocols.4.dylib                0x00000001056847e4 protocols::relax::generate_relax_from_cmd(utility::options::OptionCollection const&, bool) + 52
11  libprotocols.4.dylib                0x0000000105672f40 protocols::relax::Relax_main(bool) + 44
12  relax.default.macosclangrelease     0x00000001003c097c main + 612
13  dyld                                0x000000018a1f6b98 start + 6076

[END_BACKTRACE]

[FILE]: src/core/scoring/ScoreFunction.cc
[LINE]: 3516
[START_MESSAGE]
[ ERROR ] UtilityExitException
ERROR: Unable to open weights/patch file. None of (./)ref2015 or (./)ref2015.wts or ~/Users/britniecarpentier/Desktop/RosettaBootcamp/rosetta/database/scoring/weights/ref2015 or ~/Users/britniecarpentier/Desktop/RosettaBootcamp/rosetta/database/scoring/weights/ref2015.wts exist



[END_MESSAGE]
[END_CRASH_REPORT]

##############################################################################################################
#
# Rosetta crash log. Please submit the contents of this file to http://crash.rosettacommons.org/
# or use the script Rosetta/main/source/scripts/python/public/report_crashes.py
#

[START_CRASH_REPORT]
[ROSETTA_VERSION]: 0.0.dev0
[COMMIT_DATE]: 2025-11-03T16:46:44
[APPLICATION]: /Users/britniecarpentier/Desktop/RosettaBootcamp/rosetta/source/bin/relax.default.macosclangrelease
[MODE]: Release
[EXTRAS]: default
[OS]: Apple Mac OS X
[COMPILER]: Clang version "17.0.0 (clang-1700.0.13.5)"
[STDLIB]: libc++ version 190102
[START_OPTIONS]
 -in:path:database=/Users/britniecarpentier/Desktop/RosettaBootcamp/rosetta/database/ -in:file:s=/Users/britniecarpentier/Desktop/RosettaBootcamp/rosetta/source/src/apps/pilot/brcarpen6/lab7/inputs/5j0k_A.pdb -in:file:native=/Users/britniecarpentier/Desktop/RosettaBootcamp/rosetta/source/src/apps/pilot/brcarpen6/lab7/inputs/5j0k_A.pdb -out:nstruct=3 -out:prefix=sfxn2_talaris14_ -out:file:scorefile=score_talaris14.sc -out:file:silent=relaxing_lab7_talaris14.out -score:weights=talaris14 -relax:fast -relax:constrain_relax_to_start_coords

[END_OPTIONS]

[START_BACKTRACE]: RAW_LIBC
0   libutility.dylib                    0x000000010903d770 backtrace_string(int) + 76
1   libutility.dylib                    0x000000010905c1f8 utility::excn::Exception::Exception(char const*, int, std::__1::basic_string<char, std::__1::char_traits<char>, std::__1::allocator<char>> const&) + 220
2   libutility.dylib                    0x0000000109041008 utility::UtilityExitException::UtilityExitException(char const*, int, std::__1::basic_string<char, std::__1::char_traits<char>, std::__1::allocator<char>> const&) + 112
3   libutility.dylib                    0x0000000109040eac utility::exit(char const*, int, std::__1::basic_string<char, std::__1::char_traits<char>, std::__1::allocator<char>> const&, int) + 60
4   libcore.3.dylib                     0x000000010a616dc4 core::scoring::find_weights_file(std::__1::basic_string<char, std::__1::char_traits<char>, std::__1::allocator<char>> const&, std::__1::basic_string<char, std::__1::char_traits<char>, std::__1::allocator<char>> const&) + 1860
5   libcore.3.dylib                     0x000000010a615664 core::scoring::ScoreFunction::add_weights_from_file(std::__1::basic_string<char, std::__1::char_traits<char>, std::__1::allocator<char>> const&) + 64
6   libcore.3.dylib                     0x000000010a62e038 core::scoring::ScoreFunctionFactory::load_score_function_from_disk(utility::options::OptionCollection const&, std::__1::basic_string<char, std::__1::char_traits<char>, std::__1::allocator<char>> const&, utility::vector1<std::__1::basic_string<char, std::__1::char_traits<char>, std::__1::allocator<char>>, std::__1::allocator<std::__1::basic_string<char, std::__1::char_traits<char>, std::__1::allocator<char>>>> const&) + 1020
7   libcore.3.dylib                     0x000000010a62e5b8 std::__1::shared_ptr<core::scoring::ScoreFunction> utility::thread::safely_check_map_for_key_and_insert_if_absent<core::scoring::ScoreFunction, core::scoring::ScoreFunctionKey>(std::__1::function<std::__1::shared_ptr<core::scoring::ScoreFunction> ()>, bool, core::scoring::ScoreFunctionKey const&, std::__1::map<core::scoring::ScoreFunctionKey, std::__1::shared_ptr<core::scoring::ScoreFunction>, std::__1::less<core::scoring::ScoreFunctionKey>, std::__1::allocator<std::__1::pair<core::scoring::ScoreFunctionKey const, std::__1::shared_ptr<core::scoring::ScoreFunction>>>>&) + 152
8   libcore.3.dylib                     0x000000010a62c8e8 core::scoring::ScoreFunctionFactory::create_score_function_nonstatic(utility::options::OptionCollection const&, std::__1::basic_string<char, std::__1::char_traits<char>, std::__1::allocator<char>> const&, utility::vector1<std::__1::basic_string<char, std::__1::char_traits<char>, std::__1::allocator<char>>, std::__1::allocator<std::__1::basic_string<char, std::__1::char_traits<char>, std::__1::allocator<char>>>> const&) + 528
9   libcore.3.dylib                     0x000000010a6301b8 core::scoring::get_score_function(utility::options::OptionCollection const&, bool) + 2216
10  libprotocols.4.dylib                0x00000001058587e4 protocols::relax::generate_relax_from_cmd(utility::options::OptionCollection const&, bool) + 52
11  libprotocols.4.dylib                0x0000000105846f40 protocols::relax::Relax_main(bool) + 44
12  relax.default.macosclangrelease     0x000000010054097c main + 612
13  dyld                                0x000000018a1f6b98 start + 6076

[END_BACKTRACE]

[FILE]: src/core/scoring/ScoreFunction.cc
[LINE]: 3516
[START_MESSAGE]
[ ERROR ] UtilityExitException
ERROR: Unable to open weights/patch file. None of (./)talaris14 or (./)talaris14.wts or /Users/britniecarpentier/Desktop/RosettaBootcamp/rosetta/database/scoring/weights/talaris14 or /Users/britniecarpentier/Desktop/RosettaBootcamp/rosetta/database/scoring/weights/talaris14.wts exist



[END_MESSAGE]
[END_CRASH_REPORT]

##############################################################################################################
#
# Rosetta crash log. Please submit the contents of this file to http://crash.rosettacommons.org/
# or use the script Rosetta/main/source/scripts/python/public/report_crashes.py
#

[START_CRASH_REPORT]
[ROSETTA_VERSION]: 0.0.dev0
[COMMIT_DATE]: 2025-11-03T16:46:44
[APPLICATION]: /Users/britniecarpentier/Desktop/RosettaBootcamp/rosetta/source/bin/relax.default.macosclangrelease
[MODE]: Release
[EXTRAS]: default
[OS]: Apple Mac OS X
[COMPILER]: Clang version "17.0.0 (clang-1700.0.13.5)"
[STDLIB]: libc++ version 190102
[START_OPTIONS]
 -in:path:database=/Users/britniecarpentier/Desktop/RosettaBootcamp/rosetta/database/ -in:file:s=/Users/britniecarpentier/Desktop/RosettaBootcamp/rosetta/source/src/apps/pilot/brcarpen6/lab7/inputs/5j0k_A.pdb -in:file:native=/Users/britniecarpentier/Desktop/RosettaBootcamp/rosetta/source/src/apps/pilot/brcarpen6/lab7/inputs/5j0k_A.pdb -out:nstruct=3 -out:prefix=sfxn2_talaris14_ -out:file:scorefile=score_talaris14.sc -out:file:silent=relaxing_lab7_talaris14.out -score:weights=talaris2014 -relax:fast -relax:constrain_relax_to_start_coords

[END_OPTIONS]

[START_BACKTRACE]: RAW_LIBC
0   libutility.dylib                    0x000000010aef5770 backtrace_string(int) + 76
1   libutility.dylib                    0x000000010af141f8 utility::excn::Exception::Exception(char const*, int, std::__1::basic_string<char, std::__1::char_traits<char>, std::__1::allocator<char>> const&) + 220
2   libutility.dylib                    0x000000010aef9008 utility::UtilityExitException::UtilityExitException(char const*, int, std::__1::basic_string<char, std::__1::char_traits<char>, std::__1::allocator<char>> const&) + 112
3   libutility.dylib                    0x000000010aef8eac utility::exit(char const*, int, std::__1::basic_string<char, std::__1::char_traits<char>, std::__1::allocator<char>> const&, int) + 60
4   libcore.3.dylib                     0x000000010c4e5164 core::scoring::ScoreFunctionFactory::validate_talaris(std::__1::basic_string<char, std::__1::char_traits<char>, std::__1::allocator<char>> const&, utility::options::OptionCollection const&) + 1504
5   libcore.3.dylib                     0x000000010c4e5fe4 core::scoring::ScoreFunctionFactory::load_score_function_from_disk(utility::options::OptionCollection const&, std::__1::basic_string<char, std::__1::char_traits<char>, std::__1::allocator<char>> const&, utility::vector1<std::__1::basic_string<char, std::__1::char_traits<char>, std::__1::allocator<char>>, std::__1::allocator<std::__1::basic_string<char, std::__1::char_traits<char>, std::__1::allocator<char>>>> const&) + 936
6   libcore.3.dylib                     0x000000010c4e65b8 std::__1::shared_ptr<core::scoring::ScoreFunction> utility::thread::safely_check_map_for_key_and_insert_if_absent<core::scoring::ScoreFunction, core::scoring::ScoreFunctionKey>(std::__1::function<std::__1::shared_ptr<core::scoring::ScoreFunction> ()>, bool, core::scoring::ScoreFunctionKey const&, std::__1::map<core::scoring::ScoreFunctionKey, std::__1::shared_ptr<core::scoring::ScoreFunction>, std::__1::less<core::scoring::ScoreFunctionKey>, std::__1::allocator<std::__1::pair<core::scoring::ScoreFunctionKey const, std::__1::shared_ptr<core::scoring::ScoreFunction>>>>&) + 152
7   libcore.3.dylib                     0x000000010c4e48e8 core::scoring::ScoreFunctionFactory::create_score_function_nonstatic(utility::options::OptionCollection const&, std::__1::basic_string<char, std::__1::char_traits<char>, std::__1::allocator<char>> const&, utility::vector1<std::__1::basic_string<char, std::__1::char_traits<char>, std::__1::allocator<char>>, std::__1::allocator<std::__1::basic_string<char, std::__1::char_traits<char>, std::__1::allocator<char>>>> const&) + 528
8   libcore.3.dylib                     0x000000010c4e81b8 core::scoring::get_score_function(utility::options::OptionCollection const&, bool) + 2216
9   libprotocols.4.dylib                0x00000001077107e4 protocols::relax::generate_relax_from_cmd(utility::options::OptionCollection const&, bool) + 52
10  libprotocols.4.dylib                0x00000001076fef40 protocols::relax::Relax_main(bool) + 44
11  relax.default.macosclangrelease     0x000000010245897c main + 612
12  dyld                                0x000000018a1f6b98 start + 6076

[END_BACKTRACE]

[FILE]: src/core/scoring/ScoreFunctionFactory.cc
[LINE]: 109
[START_MESSAGE]
[ ERROR ] UtilityExitException
ERROR: talaris2014(.wts) requested, but -corrections::restore_talaris_behavior not set to true. This leads to a garbage scorefunction.  Exiting.



[END_MESSAGE]
[END_CRASH_REPORT]

